AR mux behavioral //dunx1.irt.drexel.edu/mkm84/Week4-HW/mux/mux.vhd sub00/vhpl01 1398373738
EN mux4 NULL //dunx1.irt.drexel.edu/mkm84/Week4-HW/mux/MUX4.vhd sub00/vhpl02 1398373739
AR mux4 struc //dunx1.irt.drexel.edu/mkm84/Week4-HW/mux/MUX4.vhd sub00/vhpl03 1398373740
EN mux NULL //dunx1.irt.drexel.edu/mkm84/Week4-HW/mux/mux.vhd sub00/vhpl00 1398373737
