EN mult3 NULL //dunx1.irt.drexel.edu/mkm84/pipeline_mult/mult3.vhd sub00/vhpl06 1400180993
EN dff NULL //dunx1.irt.drexel.edu/mkm84/pipeline_mult/DFF.vhd sub00/vhpl00 1400180987
AR pipe_mult struc //dunx1.irt.drexel.edu/mkm84/pipeline_mult/pipe_mult.vhd sub00/vhpl05 1400180992
AR pe beh //dunx1.irt.drexel.edu/mkm84/pipeline_mult/pe.vhd sub00/vhpl03 1400180990
EN pe NULL //dunx1.irt.drexel.edu/mkm84/pipeline_mult/pe.vhd sub00/vhpl02 1400180989
AR dff beh //dunx1.irt.drexel.edu/mkm84/pipeline_mult/DFF.vhd sub00/vhpl01 1400180988
EN pipe_mult NULL //dunx1.irt.drexel.edu/mkm84/pipeline_mult/pipe_mult.vhd sub00/vhpl04 1400180991
AR mult3 behavioral //dunx1.irt.drexel.edu/mkm84/pipeline_mult/mult3.vhd sub00/vhpl07 1400180994
