V3 3
FL C:/Users/mkm84/Desktop/Lab2/ck_div/ck_div.vhd 2014/04/03.15:55:17 P.68d
EN work/ck_div 1396554923 FL C:/Users/mkm84/Desktop/Lab2/ck_div/ck_div.vhd \
      PB ieee/std_logic_1164 1370735607
AR work/ck_div/Behavioral 1396554924 \
      FL C:/Users/mkm84/Desktop/Lab2/ck_div/ck_div.vhd EN work/ck_div 1396554923
