AR or_gate behavioral //dunx1.irt.drexel.edu/mkm84/Week4-HW/OR_gate/OR_gate.vhd sub00/vhpl02 1398204606
EN or8 NULL //dunx1.irt.drexel.edu/mkm84/Week4-HW/OR_gate/OR8.vhd sub00/vhpl00 1398204607
EN or_gate NULL //dunx1.irt.drexel.edu/mkm84/Week4-HW/OR_gate/OR_gate.vhd sub00/vhpl01 1398204605
AR or8 struc //dunx1.irt.drexel.edu/mkm84/Week4-HW/OR_gate/OR8.vhd sub00/vhpl03 1398204608
