EN mult4 NULL //dunx1.irt.drexel.edu/mkm84/arraymult_fpga/mult4.vhd sub00/vhpl04 1399586626
EN a_mult NULL //dunx1.irt.drexel.edu/mkm84/arraymult_fpga/a_mult.vhd sub00/vhpl02 1399586624
EN pe NULL //dunx1.irt.drexel.edu/mkm84/arraymult_fpga/PE.vhd sub00/vhpl00 1399586622
AR pe concurrent //dunx1.irt.drexel.edu/mkm84/arraymult_fpga/PE.vhd sub00/vhpl01 1399586623
AR mult4 struc //dunx1.irt.drexel.edu/mkm84/arraymult_fpga/mult4.vhd sub00/vhpl05 1399586627
AR a_mult struc //dunx1.irt.drexel.edu/mkm84/arraymult_fpga/a_mult.vhd sub00/vhpl03 1399586625
